<?xml version="1.0" encoding="UTF-8"?>
<testsuites tests="2" failures="1" disabled="0" errors="0" timestamp="2026-09-28T18:36:41" time="0.003" name="AllTests">
  <testsuite name="StarterAnagramTests" tests="2" failures="1" disabled="0" errors="0" time="0.001">
    <testcase name="EmptyBoth" status="run" time="0" classname="StarterAnagramTests" />
    <testcase name="OneEmpty" status="run" time="0" classname="StarterAnagramTests">
      <failure message="C:\Users\Ken\source\repos\Anagram-TDD\test.cpp:18&#x0A;Value of: are_anagrams(&quot;&quot;, &quot;A&quot;)&#x0A;  Actual: true&#x0A;Expected: false" type=""><![CDATA[C:\Users\Ken\source\repos\Anagram-TDD\test.cpp:18
Value of: are_anagrams("", "A")
  Actual: true
Expected: false]]></failure>
      <failure message="C:\Users\Ken\source\repos\Anagram-TDD\test.cpp:19&#x0A;Value of: are_anagrams(&quot;A&quot;, &quot;&quot;)&#x0A;  Actual: true&#x0A;Expected: false" type=""><![CDATA[C:\Users\Ken\source\repos\Anagram-TDD\test.cpp:19
Value of: are_anagrams("A", "")
  Actual: true
Expected: false]]></failure>
    </testcase>
  </testsuite>
</testsuites>
